// Jest Snapshot v1, https://goo.gl/fbAQLP

exports[`EmojifyToggle renders correctly 1`] = `
.c0 {
  background: transparent;
  border: 0;
  cursor: pointer;
  font-size: 0;
  height: 25px;
  width: 25px;
}

.c1 {
  font-size: 20px;
  height: 20px;
  line-height: 10px;
}

<button
  aria-label="Show Emoji"
  class="c0"
  type="button"
>
  <span
    aria-hidden="true"
    class="c1"
    role="img"
  >
    üêµ
  </span>
</button>
`;
