// Jest Snapshot v1, https://goo.gl/fbAQLP

exports[`RubyAnnotation renders correctly 1`] = `
.c0 {
  font-size: clamp(1.00rem,1.1vw,1.25rem);
}

<ruby
  class="c0"
>
  本
  <rp>
    （
  </rp>
  <rt>
    ほん
  </rt>
  <rp>
    ）
  </rp>
</ruby>
`;
