// Jest Snapshot v1, https://goo.gl/fbAQLP

exports[`About Contact renders correctly 1`] = `
.c4 {
  color: var(--colorForeground);
  font-weight: 600;
  -webkit-text-decoration-color: var(--colorForegroundSoft);
  text-decoration-color: var(--colorForegroundSoft);
  -webkit-text-decoration-thickness: 0.1em;
  text-decoration-thickness: 0.1em;
  text-underline-offset: 0.1em;
}

.c4:hover,
.c4:focus {
  -webkit-text-decoration-color: var(--colorAccent);
  text-decoration-color: var(--colorAccent);
}

.c1 {
  font-size: clamp(1.25rem,1.8vw,2.00rem);
  font-weight: 900;
  -webkit-letter-spacing: normal;
  -moz-letter-spacing: normal;
  -ms-letter-spacing: normal;
  letter-spacing: normal;
  line-height: 1.0;
  margin-bottom: clamp( 1.0rem,2.14vw,1.2rem);
  margin-top: 0;
}

.c1 .autolink {
  background: transparent;
  display: -webkit-inline-box;
  display: -webkit-inline-flex;
  display: -ms-inline-flexbox;
  display: inline-flex;
  fill: var(--colorForeground);
  margin-left: clamp( 0.335rem,0.72vw,0.402rem);
  opacity: 0;
  vertical-align: middle;
}

.c1:hover .autolink,
.c1:focus .autolink {
  opacity: 0.5;
}

.c2 {
  font-size: clamp(1.00rem,1.1vw,1.25rem);
  font-weight: 400;
  -webkit-letter-spacing: normal;
  -moz-letter-spacing: normal;
  -ms-letter-spacing: normal;
  letter-spacing: normal;
  line-height: 1.6;
  margin-bottom: 0;
  margin-top: 0;
}

.c3 {
  font-size: clamp(1.00rem,1.1vw,1.25rem);
  font-weight: 400;
  -webkit-letter-spacing: normal;
  -moz-letter-spacing: normal;
  -ms-letter-spacing: normal;
  letter-spacing: normal;
  line-height: 1.6;
  margin-bottom: clamp(1.44rem,3.70vw,1.728rem);
  margin-top: 0;
}

.c0 {
  grid-column: 2 / -2;
  grid-row: 5;
}

@media screen and (prefers-reduced-motion:no-preference) {
  .c1 .autolink {
    -webkit-transition-duration: 500ms;
    transition-duration: 500ms;
    -webkit-transition-property: opacity;
    transition-property: opacity;
    -webkit-transition-timing-function: ease-in-out;
    transition-timing-function: ease-in-out;
  }
}

@media (min-width:768px) {
  .c0 {
    grid-column: 3 / 11;
  }
}

@media (min-width:1200px) {
  .c0 {
    grid-column: 5 / 9;
  }
}

<section
  class="c0"
  data-sal="slide-up"
  data-sal-duration="800"
  id="contact"
>
  <h2
    class="c1"
  >
    Contact
    <span>
       
    </span>
  </h2>
  <p
    class="c2"
  >
    Youâ€™ve got mail!
    <span>
       
    </span>
  </p>
  <p
    class="c3"
  >
    <span
      class=""
      role="button"
      tabindex="0"
    >
      <a
        class="c4"
        href="#"
        rel="nofollow noopener noreferrer external"
      >
        Say hello.
      </a>
    </span>
  </p>
  <p
    class="c2"
  >
    You can send me a text message on
     
    <a
      class="c4"
      href="https://matrix.to/#/@kogakure:matrix.org"
      rel="nofollow noopener noreferrer external"
    >
      Matrix
    </a>
     
    or anonymous on
     
    <a
      class="c4"
      href="https://getsession.org/"
      rel="nofollow noopener noreferrer external"
    >
      Session
    </a>
     (
    <a
      class="c4"
      href="/downloads/session-id.txt"
      rel="nofollow noopener noreferrer external"
      target="_blank"
    >
      Public Key
    </a>
    ).
  </p>
</section>
`;
